// Jest Snapshot v1, https://goo.gl/fbAQLP

exports[`#START COMPONENT ==> Start should renders without crashing 1`] = `
<div
  className="start"
>
  <span
    className="start__first"
  >
    Desafio AME Digital
  </span>
  <img
    alt="logo"
    className="start__logo"
    src="star-wars.png"
  />
  <span
    className="start__second"
  >
    por 
    <strong>
      Alesandro Barbosa
    </strong>
  </span>
  <a
    className="start__play"
    href="/game"
    onClick={[Function]}
  >
    START
  </a>
</div>
`;
