// Jest Snapshot v1, https://goo.gl/fbAQLP

exports[`#GAME COMPONENT ==> Fetch should request without crashing 1`] = `
<div
  className="container"
>
  <img
    alt="Loading..."
    className="container__loader"
    src="loader.png"
  />
  Loading...
</div>
`;

exports[`#GAME COMPONENT ==> Game component should renders without crashing 1`] = `
<div
  className="container"
>
  <img
    alt="Loading..."
    className="container__loader"
    src="loader.png"
  />
  Loading...
</div>
`;
